
> freelancehub-ionic@0.0.1 start
> ng serve --host 127.0.0.1 --port 4200

[33m>[39m Building...
[32m√[39m Building...
[1mInitial chunk files[22m[2m | [22m[1mNames[22m                  [2m | [22m [1mRaw size[22m
[32mstyles.css[39m         [2m | [22m[2mstyles[22m                 [2m | [22m [36m60.44 kB[39m[2m | [22m
[32mmain.js[39m            [2m | [22m[2mmain[22m                   [2m | [22m  [36m4.96 kB[39m[2m | [22m
[32mchunk-W2XD6DMG.js[39m  [2m | [22m[2m-[22m                      [2m | [22m  [36m2.94 kB[39m[2m | [22m
[32mpolyfills.js[39m       [2m | [22m[2mpolyfills[22m              [2m | [22m [36m95 bytes[39m[2m | [22m

[1m [22m                  [2m | [22m[1mInitial total[22m          [2m | [22m [1m68.43 kB[22m

[1mLazy chunk files[22m   [2m | [22m[1mNames[22m                  [2m | [22m [1mRaw size[22m
[32mchunk-PW4FE66C.js[39m  [2m | [22m[2mhome-page[22m              [2m | [22m[36m122.64 kB[39m[2m | [22m
[32mchunk-SELA3TCG.js[39m  [2m | [22m[2mproject-detail-page[22m    [2m | [22m[36m106.36 kB[39m[2m | [22m
[32mchunk-2OJ75RRA.js[39m  [2m | [22m[2mmy-jobs-page[22m           [2m | [22m [36m99.98 kB[39m[2m | [22m
[32mchunk-IXLZHFO4.js[39m  [2m | [22m[2medit-profile-page[22m      [2m | [22m [36m73.10 kB[39m[2m | [22m
[32mchunk-AAME5ZRT.js[39m  [2m | [22m[2mpayments-page[22m          [2m | [22m [36m64.11 kB[39m[2m | [22m
[32mchunk-GF6OCOP3.js[39m  [2m | [22m[2mservice-market-page[22m    [2m | [22m [36m58.58 kB[39m[2m | [22m
[32mchunk-EM4RXJMH.js[39m  [2m | [22m[2mfreelancer-profile-page[22m[2m | [22m [36m55.10 kB[39m[2m | [22m
[32mchunk-FYQJGR2V.js[39m  [2m | [22m[2mproject-progress-page[22m  [2m | [22m [36m54.76 kB[39m[2m | [22m
[32mchunk-APAFNWIE.js[39m  [2m | [22m[2madmin-dashboard-page[22m   [2m | [22m [36m50.98 kB[39m[2m | [22m
[32mchunk-W6A25YO3.js[39m  [2m | [22m[2mclient-request-page[22m    [2m | [22m [36m50.33 kB[39m[2m | [22m
[32mchunk-U6TA6X5R.js[39m  [2m | [22m[2mmessages-page[22m          [2m | [22m [36m46.76 kB[39m[2m | [22m
[32mchunk-PS5PP7MM.js[39m  [2m | [22m[2mauth-page[22m              [2m | [22m [36m32.53 kB[39m[2m | [22m
[32mchunk-J6QURCZD.js[39m  [2m | [22m[2mwelcome-page[22m           [2m | [22m [36m29.74 kB[39m[2m | [22m
[32mchunk-FPA5IZ4T.js[39m  [2m | [22m[2mfavorites-page[22m         [2m | [22m [36m27.29 kB[39m[2m | [22m
[32mchunk-NQFH6GPY.js[39m  [2m | [22m[2mnotifications-page[22m     [2m | [22m [36m22.91 kB[39m[2m | [22m
[2m...and 3 more lazy chunks files. Use "--verbose" to show all the files.[22m

Application bundle generation complete. [8.535 seconds] - 2026-05-05T20:50:55.218Z

Watch mode enabled. Watching for file changes...
NOTE: Raw file sizes do not reflect development server per-request transformations.
  [32m➜[39m  [1mLocal[22m:   [36mhttp://127.0.0.1:[1m4200[22m/[39m
[33m>[39m Changes detected. Rebuilding...
[32m√[39m Changes detected. Rebuilding...
[1mInitial chunk files[22m[2m | [22m[1mNames[22m    [2m | [22m [1mRaw size[22m
[32mmain.js[39m            [2m | [22m[2mmain[22m     [2m | [22m  [36m4.96 kB[39m[2m | [22m

[1mLazy chunk files[22m   [2m | [22m[1mNames[22m    [2m | [22m [1mRaw size[22m
[32mchunk-IC5LDACU.js[39m  [2m | [22m[2mhome-page[22m[2m | [22m[36m124.93 kB[39m[2m | [22m

Application bundle generation complete. [20.487 seconds] - 2026-05-05T20:57:02.884Z

Page reload sent to client(s).
[33m>[39m Changes detected. Rebuilding...
[32m√[39m Changes detected. Rebuilding...
[1mInitial chunk files[22m[2m | [22m[1mNames[22m    [2m | [22m [1mRaw size[22m
[32mmain.js[39m            [2m | [22m[2mmain[22m     [2m | [22m  [36m4.96 kB[39m[2m | [22m

[1mLazy chunk files[22m   [2m | [22m[1mNames[22m    [2m | [22m [1mRaw size[22m
[32mchunk-KURB7HFZ.js[39m  [2m | [22m[2mhome-page[22m[2m | [22m[36m126.30 kB[39m[2m | [22m

Application bundle generation complete. [3.299 seconds] - 2026-05-05T20:57:06.213Z

Component update sent to client(s).
[33m>[39m Changes detected. Rebuilding...
[32m√[39m Changes detected. Rebuilding...
[1mInitial chunk files[22m[2m | [22m[1mNames[22m    [2m | [22m [1mRaw size[22m
[32mmain.js[39m            [2m | [22m[2mmain[22m     [2m | [22m  [36m4.96 kB[39m[2m | [22m

[1mLazy chunk files[22m   [2m | [22m[1mNames[22m    [2m | [22m [1mRaw size[22m
[32mchunk-XRMDYDRE.js[39m  [2m | [22m[2mhome-page[22m[2m | [22m[36m127.59 kB[39m[2m | [22m

Application bundle generation complete. [3.884 seconds] - 2026-05-05T20:57:10.117Z

Component update sent to client(s).
[33m>[39m Changes detected. Rebuilding...
[32m√[39m Changes detected. Rebuilding...
[1mInitial chunk files[22m[2m | [22m[1mNames[22m        [2m | [22m[1mRaw size[22m
[32mmain.js[39m            [2m | [22m[2mmain[22m         [2m | [22m [36m4.96 kB[39m[2m | [22m

[1mLazy chunk files[22m   [2m | [22m[1mNames[22m        [2m | [22m[1mRaw size[22m
[32mchunk-MCA5ULWE.js[39m  [2m | [22m[2mpayments-page[22m[2m | [22m[36m64.11 kB[39m[2m | [22m

Application bundle generation complete. [2.762 seconds] - 2026-05-05T21:02:17.711Z

Component update sent to client(s).
